// Jest Snapshot v1, https://goo.gl/fbAQLP

exports[`ShoppingCart component renders correctly with items in the cart 1`] = `
<div>
  <div>
    <div
      class="shopping-cart"
    >
      <div>
        <div>
          <div
            class="shopping-cart__flex"
          >
            <p>
              Album 1
               
              <span>
                (
                Artist 1
                )
              </span>
            </p>
            <p
              class="shopping-cart__push-right"
            >
              (
              1
              )
              <span
                class="underline"
              >
                $
                10
              </span>
            </p>
          </div>
        </div>
        <div>
          <div
            class="shopping-cart__flex"
          >
            <p>
              Album 2
               
              <span>
                (
                Artist 2
                )
              </span>
            </p>
            <p
              class="shopping-cart__push-right"
            >
              (
              2
              )
              <span
                class="underline"
              >
                $
                40
              </span>
            </p>
          </div>
        </div>
      </div>
      <div
        class="shopping-cart__flex shopping-cart__total"
      >
        <p
          class=""
        >
          Total
        </p>
        <p
          class="shopping-cart__push-right"
        >
          <span>
            (
            3
            )
          </span>
          <span
            class="underline"
          >
             $
            50
          </span>
        </p>
      </div>
    </div>
  </div>
</div>
`;
