// Jest Snapshot v1, https://goo.gl/fbAQLP

exports[`Shop component renders the available items in the store 1`] = `
<div
  className="shop__background"
>
  <div
    className="container"
  >
    <div
      className="shop__items__flex"
    >
      <div
        className="item__card"
      >
        <div
          className="item__img"
        >
          <img
            alt="album cover"
            className="item__img"
            src="/assets/album-art/GivingYoutheBestThatIGot.jpg"
          />
        </div>
        <h3>
          Giving You the Best That I Got
        </h3>
        <h3>
          Anita Baker
        </h3>
        <h3>
          $
          9.99
        </h3>
        <div
          className="item__inputs"
        >
          <input
            className="item__quantity"
            min="1"
            name="item-quantity"
            onChange={[Function]}
            type="number"
            value={1}
          />
          <button
            className="item__add"
            onClick={[Function]}
          >
            Add to Cart
          </button>
        </div>
      </div>
      <div
        className="item__card"
      >
        <div
          className="item__img"
        >
          <img
            alt="album cover"
            className="item__img"
            src="/assets/album-art/Cruelalbum.jpg"
          />
        </div>
        <h3>
          Don't Be Cruel
        </h3>
        <h3>
          Bobby Brown
        </h3>
        <h3>
          $
          10.99
        </h3>
        <div
          className="item__inputs"
        >
          <input
            className="item__quantity"
            min="1"
            name="item-quantity"
            onChange={[Function]}
            type="number"
            value={1}
          />
          <button
            className="item__add"
            onClick={[Function]}
          >
            Add to Cart
          </button>
        </div>
      </div>
      <div
        className="item__card"
      >
        <div
          className="item__img"
        >
          <img
            alt="album cover"
            className="item__img"
            src="/assets/album-art/GunsnRosesAppetiteforDestructionalbumcover.jpg"
          />
        </div>
        <h3>
          Appetite for Destruction
        </h3>
        <h3>
          Guns N' Roses
        </h3>
        <h3>
          $
          12.99
        </h3>
        <div
          className="item__inputs"
        >
          <input
            className="item__quantity"
            min="1"
            name="item-quantity"
            onChange={[Function]}
            type="number"
            value={1}
          />
          <button
            className="item__add"
            onClick={[Function]}
          >
            Add to Cart
          </button>
        </div>
      </div>
    </div>
  </div>
</div>
`;
